app/noi-dung-chinh/page.tsx(59,11): error TS17004: Cannot use JSX unless the '--jsx' flag is provided.
app/noi-dung-chinh/page.tsx(84,11): error TS17004: Cannot use JSX unless the '--jsx' flag is provided.
app/noi-dung-chinh/page.tsx(109,11): error TS17004: Cannot use JSX unless the '--jsx' flag is provided.
app/noi-dung-chinh/page.tsx(134,11): error TS17004: Cannot use JSX unless the '--jsx' flag is provided.
app/noi-dung-chinh/page.tsx(158,11): error TS17004: Cannot use JSX unless the '--jsx' flag is provided.
app/noi-dung-chinh/page.tsx(186,11): error TS17004: Cannot use JSX unless the '--jsx' flag is provided.
app/noi-dung-chinh/page.tsx(211,11): error TS17004: Cannot use JSX unless the '--jsx' flag is provided.
app/noi-dung-chinh/page.tsx(236,11): error TS17004: Cannot use JSX unless the '--jsx' flag is provided.
app/noi-dung-chinh/page.tsx(302,10): error TS17004: Cannot use JSX unless the '--jsx' flag is provided.
app/noi-dung-chinh/page.tsx(325,5): error TS17004: Cannot use JSX unless the '--jsx' flag is provided.
app/noi-dung-chinh/page.tsx(327,9): error TS17004: Cannot use JSX unless the '--jsx' flag is provided.
app/noi-dung-chinh/page.tsx(329,11): error TS17004: Cannot use JSX unless the '--jsx' flag is provided.
app/noi-dung-chinh/page.tsx(338,11): error TS17004: Cannot use JSX unless the '--jsx' flag is provided.
app/noi-dung-chinh/page.tsx(339,13): error TS17004: Cannot use JSX unless the '--jsx' flag is provided.
app/noi-dung-chinh/page.tsx(347,15): error TS17004: Cannot use JSX unless the '--jsx' flag is provided.
app/noi-dung-chinh/page.tsx(348,17): error TS17004: Cannot use JSX unless the '--jsx' flag is provided.
app/noi-dung-chinh/page.tsx(352,15): error TS17004: Cannot use JSX unless the '--jsx' flag is provided.
app/noi-dung-chinh/page.tsx(353,17): error TS17004: Cannot use JSX unless the '--jsx' flag is provided.
app/noi-dung-chinh/page.tsx(359,17): error TS17004: Cannot use JSX unless the '--jsx' flag is provided.
app/noi-dung-chinh/page.tsx(360,19): error TS17004: Cannot use JSX unless the '--jsx' flag is provided.
app/noi-dung-chinh/page.tsx(361,21): error TS17004: Cannot use JSX unless the '--jsx' flag is provided.
app/noi-dung-chinh/page.tsx(362,21): error TS17004: Cannot use JSX unless the '--jsx' flag is provided.
app/noi-dung-chinh/page.tsx(364,19): error TS17004: Cannot use JSX unless the '--jsx' flag is provided.
app/noi-dung-chinh/page.tsx(366,17): error TS17004: Cannot use JSX unless the '--jsx' flag is provided.
app/noi-dung-chinh/page.tsx(370,19): error TS17004: Cannot use JSX unless the '--jsx' flag is provided.
app/noi-dung-chinh/page.tsx(375,15): error TS17004: Cannot use JSX unless the '--jsx' flag is provided.
app/noi-dung-chinh/page.tsx(377,17): error TS17004: Cannot use JSX unless the '--jsx' flag is provided.
app/noi-dung-chinh/page.tsx(378,19): error TS17004: Cannot use JSX unless the '--jsx' flag is provided.
app/noi-dung-chinh/page.tsx(379,21): error TS17004: Cannot use JSX unless the '--jsx' flag is provided.
app/noi-dung-chinh/page.tsx(387,19): error TS17004: Cannot use JSX unless the '--jsx' flag is provided.
app/noi-dung-chinh/page.tsx(388,21): error TS17004: Cannot use JSX unless the '--jsx' flag is provided.
app/noi-dung-chinh/page.tsx(391,23): error TS17004: Cannot use JSX unless the '--jsx' flag is provided.
app/noi-dung-chinh/page.tsx(392,25): error TS17004: Cannot use JSX unless the '--jsx' flag is provided.
app/noi-dung-chinh/page.tsx(406,17): error TS17004: Cannot use JSX unless the '--jsx' flag is provided.
app/noi-dung-chinh/page.tsx(409,21): error TS17004: Cannot use JSX unless the '--jsx' flag is provided.
app/noi-dung-chinh/page.tsx(410,23): error TS17004: Cannot use JSX unless the '--jsx' flag is provided.
app/noi-dung-chinh/page.tsx(419,19): error TS17004: Cannot use JSX unless the '--jsx' flag is provided.
app/noi-dung-chinh/page.tsx(421,23): error TS17004: Cannot use JSX unless the '--jsx' flag is provided.
app/noi-dung-chinh/page.tsx(426,19): error TS17004: Cannot use JSX unless the '--jsx' flag is provided.
app/noi-dung-chinh/page.tsx(427,21): error TS17004: Cannot use JSX unless the '--jsx' flag is provided.
app/noi-dung-chinh/page.tsx(428,23): error TS17004: Cannot use JSX unless the '--jsx' flag is provided.
app/noi-dung-chinh/page.tsx(428,110): error TS17004: Cannot use JSX unless the '--jsx' flag is provided.
app/noi-dung-chinh/page.tsx(431,21): error TS17004: Cannot use JSX unless the '--jsx' flag is provided.
app/noi-dung-chinh/page.tsx(433,25): error TS17004: Cannot use JSX unless the '--jsx' flag is provided.
app/noi-dung-chinh/page.tsx(434,27): error TS17004: Cannot use JSX unless the '--jsx' flag is provided.
app/noi-dung-chinh/page.tsx(438,27): error TS17004: Cannot use JSX unless the '--jsx' flag is provided.
app/noi-dung-chinh/page.tsx(447,15): error TS17004: Cannot use JSX unless the '--jsx' flag is provided.
app/noi-dung-chinh/page.tsx(448,17): error TS17004: Cannot use JSX unless the '--jsx' flag is provided.
app/noi-dung-chinh/page.tsx(471,5): error TS17004: Cannot use JSX unless the '--jsx' flag is provided.
app/noi-dung-chinh/page.tsx(480,9): error TS17004: Cannot use JSX unless the '--jsx' flag is provided.
app/noi-dung-chinh/page.tsx(483,7): error TS17004: Cannot use JSX unless the '--jsx' flag is provided.
app/noi-dung-chinh/page.tsx(485,9): error TS17004: Cannot use JSX unless the '--jsx' flag is provided.
app/noi-dung-chinh/page.tsx(486,11): error TS17004: Cannot use JSX unless the '--jsx' flag is provided.
app/noi-dung-chinh/page.tsx(487,13): error TS17004: Cannot use JSX unless the '--jsx' flag is provided.
app/noi-dung-chinh/page.tsx(488,13): error TS17004: Cannot use JSX unless the '--jsx' flag is provided.
app/noi-dung-chinh/page.tsx(493,9): error TS17004: Cannot use JSX unless the '--jsx' flag is provided.
app/noi-dung-chinh/page.tsx(498,11): error TS17004: Cannot use JSX unless the '--jsx' flag is provided.
app/noi-dung-chinh/page.tsx(502,9): error TS17004: Cannot use JSX unless the '--jsx' flag is provided.
app/noi-dung-chinh/page.tsx(503,11): error TS17004: Cannot use JSX unless the '--jsx' flag is provided.
app/noi-dung-chinh/page.tsx(508,15): error TS17004: Cannot use JSX unless the '--jsx' flag is provided.
app/noi-dung-chinh/page.tsx(515,13): error TS17004: Cannot use JSX unless the '--jsx' flag is provided.
app/noi-dung-chinh/page.tsx(516,13): error TS17004: Cannot use JSX unless the '--jsx' flag is provided.
app/noi-dung-chinh/page.tsx(517,13): error TS17004: Cannot use JSX unless the '--jsx' flag is provided.
app/noi-dung-chinh/page.tsx(518,28): error TS17004: Cannot use JSX unless the '--jsx' flag is provided.
app/noi-dung-chinh/page.tsx(530,5): error TS17004: Cannot use JSX unless the '--jsx' flag is provided.
app/noi-dung-chinh/page.tsx(531,7): error TS17004: Cannot use JSX unless the '--jsx' flag is provided.
app/noi-dung-chinh/page.tsx(532,7): error TS17004: Cannot use JSX unless the '--jsx' flag is provided.
app/noi-dung-chinh/page.tsx(533,7): error TS17004: Cannot use JSX unless the '--jsx' flag is provided.
app/noi-dung-chinh/page.tsx(562,7): error TS17004: Cannot use JSX unless the '--jsx' flag is provided.
app/noi-dung-chinh/page.tsx(563,9): error TS17004: Cannot use JSX unless the '--jsx' flag is provided.
app/noi-dung-chinh/page.tsx(564,11): error TS17004: Cannot use JSX unless the '--jsx' flag is provided.
app/noi-dung-chinh/page.tsx(565,13): error TS17004: Cannot use JSX unless the '--jsx' flag is provided.
app/noi-dung-chinh/page.tsx(566,13): error TS17004: Cannot use JSX unless the '--jsx' flag is provided.
app/noi-dung-chinh/page.tsx(576,11): error TS17004: Cannot use JSX unless the '--jsx' flag is provided.
app/noi-dung-chinh/page.tsx(577,13): error TS17004: Cannot use JSX unless the '--jsx' flag is provided.
app/noi-dung-chinh/page.tsx(578,13): error TS17004: Cannot use JSX unless the '--jsx' flag is provided.
app/noi-dung-chinh/page.tsx(581,9): error TS17004: Cannot use JSX unless the '--jsx' flag is provided.
app/noi-dung-chinh/page.tsx(584,9): error TS17004: Cannot use JSX unless the '--jsx' flag is provided.
app/noi-dung-chinh/page.tsx(587,9): error TS17004: Cannot use JSX unless the '--jsx' flag is provided.
app/noi-dung-chinh/page.tsx(588,11): error TS17004: Cannot use JSX unless the '--jsx' flag is provided.
app/noi-dung-chinh/page.tsx(595,5): error TS17004: Cannot use JSX unless the '--jsx' flag is provided.
app/noi-dung-chinh/page.tsx(597,7): error TS17004: Cannot use JSX unless the '--jsx' flag is provided.
app/noi-dung-chinh/page.tsx(599,11): error TS17004: Cannot use JSX unless the '--jsx' flag is provided.
app/noi-dung-chinh/page.tsx(602,7): error TS17004: Cannot use JSX unless the '--jsx' flag is provided.
app/noi-dung-chinh/page.tsx(603,9): error TS17004: Cannot use JSX unless the '--jsx' flag is provided.
app/noi-dung-chinh/page.tsx(604,9): error TS17004: Cannot use JSX unless the '--jsx' flag is provided.
app/noi-dung-chinh/page.tsx(607,7): error TS17004: Cannot use JSX unless the '--jsx' flag is provided.
app/noi-dung-chinh/page.tsx(608,9): error TS17004: Cannot use JSX unless the '--jsx' flag is provided.
app/noi-dung-chinh/page.tsx(609,11): error TS17004: Cannot use JSX unless the '--jsx' flag is provided.
app/noi-dung-chinh/page.tsx(610,11): error TS17004: Cannot use JSX unless the '--jsx' flag is provided.
app/noi-dung-chinh/page.tsx(620,17): error TS17004: Cannot use JSX unless the '--jsx' flag is provided.
app/noi-dung-chinh/page.tsx(621,19): error TS17004: Cannot use JSX unless the '--jsx' flag is provided.
app/noi-dung-chinh/page.tsx(632,11): error TS17004: Cannot use JSX unless the '--jsx' flag is provided.
app/noi-dung-chinh/page.tsx(634,15): error TS17004: Cannot use JSX unless the '--jsx' flag is provided.
app/noi-dung-chinh/page.tsx(635,17): error TS17004: Cannot use JSX unless the '--jsx' flag is provided.
app/noi-dung-chinh/page.tsx(636,19): error TS17004: Cannot use JSX unless the '--jsx' flag is provided.
app/noi-dung-chinh/page.tsx(637,19): error TS17004: Cannot use JSX unless the '--jsx' flag is provided.
app/noi-dung-chinh/page.tsx(639,17): error TS17004: Cannot use JSX unless the '--jsx' flag is provided.
app/noi-dung-chinh/page.tsx(640,74): error TS17004: Cannot use JSX unless the '--jsx' flag is provided.
app/noi-dung-chinh/page.tsx(656,10): error TS17004: Cannot use JSX unless the '--jsx' flag is provided.
app/noi-dung-chinh/page.tsx(656,36): error TS17004: Cannot use JSX unless the '--jsx' flag is provided.
app/noi-dung-chinh/page.tsx(672,5): error TS17004: Cannot use JSX unless the '--jsx' flag is provided.
app/noi-dung-chinh/page.tsx(675,7): error TS17004: Cannot use JSX unless the '--jsx' flag is provided.
app/noi-dung-chinh/page.tsx(682,7): error TS17004: Cannot use JSX unless the '--jsx' flag is provided.
app/noi-dung-chinh/page.tsx(684,9): error TS17004: Cannot use JSX unless the '--jsx' flag is provided.
app/noi-dung-chinh/page.tsx(686,9): error TS17004: Cannot use JSX unless the '--jsx' flag is provided.
app/noi-dung-chinh/page.tsx(687,11): error TS17004: Cannot use JSX unless the '--jsx' flag is provided.
app/noi-dung-chinh/page.tsx(688,11): error TS17004: Cannot use JSX unless the '--jsx' flag is provided.
app/noi-dung-chinh/page.tsx(691,9): error TS17004: Cannot use JSX unless the '--jsx' flag is provided.
app/noi-dung-chinh/page.tsx(692,11): error TS17004: Cannot use JSX unless the '--jsx' flag is provided.
app/noi-dung-chinh/page.tsx(693,13): error TS17004: Cannot use JSX unless the '--jsx' flag is provided.
app/noi-dung-chinh/page.tsx(695,13): error TS17004: Cannot use JSX unless the '--jsx' flag is provided.
app/noi-dung-chinh/page.tsx(696,25): error TS17004: Cannot use JSX unless the '--jsx' flag is provided.
app/noi-dung-chinh/page.tsx(697,15): error TS17004: Cannot use JSX unless the '--jsx' flag is provided.
app/noi-dung-chinh/page.tsx(698,17): error TS17004: Cannot use JSX unless the '--jsx' flag is provided.
app/noi-dung-chinh/page.tsx(699,17): error TS17004: Cannot use JSX unless the '--jsx' flag is provided.
app/noi-dung-chinh/page.tsx(702,15): error TS17004: Cannot use JSX unless the '--jsx' flag is provided.
app/noi-dung-chinh/page.tsx(705,13): error TS17004: Cannot use JSX unless the '--jsx' flag is provided.
app/noi-dung-chinh/page.tsx(712,11): error TS17004: Cannot use JSX unless the '--jsx' flag is provided.
app/noi-dung-chinh/page.tsx(724,15): error TS17004: Cannot use JSX unless the '--jsx' flag is provided.
app/noi-dung-chinh/page.tsx(725,17): error TS17004: Cannot use JSX unless the '--jsx' flag is provided.
app/noi-dung-chinh/page.tsx(725,67): error TS17004: Cannot use JSX unless the '--jsx' flag is provided.
app/noi-dung-chinh/page.tsx(726,17): error TS17004: Cannot use JSX unless the '--jsx' flag is provided.
app/noi-dung-chinh/page.tsx(734,7): error TS17004: Cannot use JSX unless the '--jsx' flag is provided.
app/noi-dung-chinh/page.tsx(735,9): error TS17004: Cannot use JSX unless the '--jsx' flag is provided.
app/noi-dung-chinh/page.tsx(741,13): error TS17004: Cannot use JSX unless the '--jsx' flag is provided.
app/noi-dung-chinh/page.tsx(746,15): error TS17004: Cannot use JSX unless the '--jsx' flag is provided.
app/noi-dung-chinh/page.tsx(747,15): error TS17004: Cannot use JSX unless the '--jsx' flag is provided.
app/noi-dung-chinh/page.tsx(749,17): error TS17004: Cannot use JSX unless the '--jsx' flag is provided.
app/noi-dung-chinh/page.tsx(757,7): error TS17004: Cannot use JSX unless the '--jsx' flag is provided.
app/noi-dung-chinh/page.tsx(759,11): error TS17004: Cannot use JSX unless the '--jsx' flag is provided.
app/noi-dung-chinh/page.tsx(761,13): error TS17004: Cannot use JSX unless the '--jsx' flag is provided.
app/noi-dung-chinh/page.tsx(762,15): error TS17004: Cannot use JSX unless the '--jsx' flag is provided.
app/noi-dung-chinh/page.tsx(763,15): error TS17004: Cannot use JSX unless the '--jsx' flag is provided.
app/noi-dung-chinh/page.tsx(764,15): error TS17004: Cannot use JSX unless the '--jsx' flag is provided.
app/noi-dung-chinh/page.tsx(768,13): error TS17004: Cannot use JSX unless the '--jsx' flag is provided.
app/noi-dung-chinh/page.tsx(769,38): error TS17004: Cannot use JSX unless the '--jsx' flag is provided.
app/noi-dung-chinh/page.tsx(775,11): error TS17004: Cannot use JSX unless the '--jsx' flag is provided.
app/noi-dung-chinh/page.tsx(776,13): error TS17004: Cannot use JSX unless the '--jsx' flag is provided.
app/noi-dung-chinh/page.tsx(777,15): error TS17004: Cannot use JSX unless the '--jsx' flag is provided.
app/noi-dung-chinh/page.tsx(778,15): error TS17004: Cannot use JSX unless the '--jsx' flag is provided.
app/noi-dung-chinh/page.tsx(779,15): error TS17004: Cannot use JSX unless the '--jsx' flag is provided.
app/noi-dung-chinh/page.tsx(783,13): error TS17004: Cannot use JSX unless the '--jsx' flag is provided.
app/noi-dung-chinh/page.tsx(784,38): error TS17004: Cannot use JSX unless the '--jsx' flag is provided.
app/noi-dung-chinh/page.tsx(790,11): error TS17004: Cannot use JSX unless the '--jsx' flag is provided.
app/noi-dung-chinh/page.tsx(791,13): error TS17004: Cannot use JSX unless the '--jsx' flag is provided.
app/noi-dung-chinh/page.tsx(792,15): error TS17004: Cannot use JSX unless the '--jsx' flag is provided.
app/noi-dung-chinh/page.tsx(793,15): error TS17004: Cannot use JSX unless the '--jsx' flag is provided.
app/noi-dung-chinh/page.tsx(794,15): error TS17004: Cannot use JSX unless the '--jsx' flag is provided.
app/noi-dung-chinh/page.tsx(800,13): error TS17004: Cannot use JSX unless the '--jsx' flag is provided.
app/noi-dung-chinh/page.tsx(803,25): error TS17004: Cannot use JSX unless the '--jsx' flag is provided.
app/noi-dung-chinh/page.tsx(809,25): error TS17004: Cannot use JSX unless the '--jsx' flag is provided.
app/noi-dung-chinh/page.tsx(815,25): error TS17004: Cannot use JSX unless the '--jsx' flag is provided.
app/noi-dung-chinh/page.tsx(821,25): error TS17004: Cannot use JSX unless the '--jsx' flag is provided.
app/noi-dung-chinh/page.tsx(827,17): error TS17004: Cannot use JSX unless the '--jsx' flag is provided.
app/noi-dung-chinh/page.tsx(835,19): error TS17004: Cannot use JSX unless the '--jsx' flag is provided.
app/noi-dung-chinh/page.tsx(838,19): error TS17004: Cannot use JSX unless the '--jsx' flag is provided.
app/noi-dung-chinh/page.tsx(839,19): error TS17004: Cannot use JSX unless the '--jsx' flag is provided.
app/noi-dung-chinh/page.tsx(845,13): error TS17004: Cannot use JSX unless the '--jsx' flag is provided.
app/noi-dung-chinh/page.tsx(846,15): error TS17004: Cannot use JSX unless the '--jsx' flag is provided.
app/noi-dung-chinh/page.tsx(847,17): error TS17004: Cannot use JSX unless the '--jsx' flag is provided.
app/noi-dung-chinh/page.tsx(849,15): error TS17004: Cannot use JSX unless the '--jsx' flag is provided.
app/noi-dung-chinh/page.tsx(856,19): error TS17004: Cannot use JSX unless the '--jsx' flag is provided.
app/noi-dung-chinh/page.tsx(864,21): error TS17004: Cannot use JSX unless the '--jsx' flag is provided.
app/noi-dung-chinh/page.tsx(867,21): error TS17004: Cannot use JSX unless the '--jsx' flag is provided.
app/noi-dung-chinh/page.tsx(874,13): error TS17004: Cannot use JSX unless the '--jsx' flag is provided.
app/noi-dung-chinh/page.tsx(880,15): error TS17004: Cannot use JSX unless the '--jsx' flag is provided.
app/noi-dung-chinh/page.tsx(881,15): error TS17004: Cannot use JSX unless the '--jsx' flag is provided.
app/noi-dung-chinh/page.tsx(884,15): error TS17004: Cannot use JSX unless the '--jsx' flag is provided.
app/noi-dung-chinh/page.tsx(890,7): error TS17004: Cannot use JSX unless the '--jsx' flag is provided.
app/noi-dung-chinh/page.tsx(893,7): error TS17004: Cannot use JSX unless the '--jsx' flag is provided.
app/noi-dung-chinh/page.tsx(894,9): error TS17004: Cannot use JSX unless the '--jsx' flag is provided.
app/noi-dung-chinh/page.tsx(895,11): error TS17004: Cannot use JSX unless the '--jsx' flag is provided.
app/noi-dung-chinh/page.tsx(896,13): error TS17004: Cannot use JSX unless the '--jsx' flag is provided.
app/noi-dung-chinh/page.tsx(898,11): error TS17004: Cannot use JSX unless the '--jsx' flag is provided.
app/noi-dung-chinh/page.tsx(899,11): error TS17004: Cannot use JSX unless the '--jsx' flag is provided.
app/noi-dung-chinh/page.tsx(901,9): error TS17004: Cannot use JSX unless the '--jsx' flag is provided.
app/noi-dung-chinh/page.tsx(902,11): error TS17004: Cannot use JSX unless the '--jsx' flag is provided.
node_modules/framer-motion/dist/types.d-DagZKalS.d.ts(33,11): error TS2320: Interface 'MotionStyle' cannot simultaneously extend types 'MakeMotionHelper<Omit<CSSProperties, "perspective" | "rotate" | "scale">>' and 'MakeMotionHelper<TransformProperties>'.
  Named property 'x' of types 'MakeMotionHelper<Omit<CSSProperties, "perspective" | "rotate" | "scale">>' and 'MakeMotionHelper<TransformProperties>' are not identical.
node_modules/framer-motion/dist/types/index.d.ts(515,226): error TS2503: Cannot find namespace 'JSX'.
node_modules/framer-motion/dist/types/index.d.ts(542,228): error TS2503: Cannot find namespace 'JSX'.
node_modules/next/dist/build/templates/app-page.d.ts(3,25): error TS2307: Cannot find module 'VAR_MODULE_GLOBAL_ERROR' or its corresponding type declarations.
node_modules/next/dist/build/webpack-config.d.ts(10,104): error TS2694: Namespace '"C:/Users/Hammo/Documents/Coding/VNR202-STST/node_modules/next/dist/compiled/webpack/webpack".webpack' has no exported member 'RuleSetUseItem'.
node_modules/next/dist/build/webpack/loaders/next-app-loader/index.d.ts(1,13): error TS2613: Module '"C:/Users/Hammo/Documents/Coding/VNR202-STST/node_modules/next/dist/compiled/webpack/webpack"' has no default export. Did you mean to use 'import { webpack } from "C:/Users/Hammo/Documents/Coding/VNR202-STST/node_modules/next/dist/compiled/webpack/webpack"' instead?
node_modules/next/dist/client/components/error-boundary.d.ts(1,8): error TS1259: Module '"C:/Users/Hammo/Documents/Coding/VNR202-STST/node_modules/@types/react/index"' can only be default-imported using the 'esModuleInterop' flag
node_modules/next/dist/client/components/http-access-fallback/error-boundary.d.ts(11,8): error TS1259: Module '"C:/Users/Hammo/Documents/Coding/VNR202-STST/node_modules/@types/react/index"' can only be default-imported using the 'esModuleInterop' flag
node_modules/next/dist/client/components/layout-router.d.ts(2,8): error TS1259: Module '"C:/Users/Hammo/Documents/Coding/VNR202-STST/node_modules/@types/react/index"' can only be default-imported using the 'esModuleInterop' flag
node_modules/next/dist/client/image-component.d.ts(1,8): error TS1259: Module '"C:/Users/Hammo/Documents/Coding/VNR202-STST/node_modules/@types/react/index"' can only be default-imported using the 'esModuleInterop' flag
node_modules/next/dist/client/with-router.d.ts(1,8): error TS1259: Module '"C:/Users/Hammo/Documents/Coding/VNR202-STST/node_modules/@types/react/index"' can only be default-imported using the 'esModuleInterop' flag
node_modules/next/dist/lib/metadata/metadata.d.ts(1,8): error TS1259: Module '"C:/Users/Hammo/Documents/Coding/VNR202-STST/node_modules/@types/react/index"' can only be default-imported using the 'esModuleInterop' flag
node_modules/next/dist/next-devtools/userspace/pages/pages-dev-overlay-setup.d.ts(1,8): error TS1259: Module '"C:/Users/Hammo/Documents/Coding/VNR202-STST/node_modules/@types/react/index"' can only be default-imported using the 'esModuleInterop' flag
node_modules/next/dist/server/app-render/entry-base.d.ts(1,114): error TS2307: Cannot find module 'react-server-dom-webpack/server' or its corresponding type declarations.
node_modules/next/dist/server/app-render/entry-base.d.ts(2,27): error TS2307: Cannot find module 'react-server-dom-webpack/static' or its corresponding type declarations.
node_modules/next/dist/server/web/spec-extension/adapters/headers.d.ts(39,16): error TS2304: Cannot find name 'HeadersIterator'.
node_modules/next/dist/server/web/spec-extension/adapters/headers.d.ts(40,13): error TS2304: Cannot find name 'HeadersIterator'.
node_modules/next/dist/server/web/spec-extension/adapters/headers.d.ts(41,15): error TS2304: Cannot find name 'HeadersIterator'.
node_modules/next/dist/server/web/spec-extension/adapters/headers.d.ts(42,26): error TS2304: Cannot find name 'HeadersIterator'.
node_modules/next/dist/shared/lib/app-router-context.shared-runtime.d.ts(4,8): error TS1259: Module '"C:/Users/Hammo/Documents/Coding/VNR202-STST/node_modules/@types/react/index"' can only be default-imported using the 'esModuleInterop' flag
node_modules/next/dist/shared/lib/app-router-types.d.ts(8,13): error TS1259: Module '"C:/Users/Hammo/Documents/Coding/VNR202-STST/node_modules/@types/react/index"' can only be default-imported using the 'esModuleInterop' flag
node_modules/next/dist/shared/lib/head-manager-context.shared-runtime.d.ts(1,8): error TS1259: Module '"C:/Users/Hammo/Documents/Coding/VNR202-STST/node_modules/@types/react/index"' can only be default-imported using the 'esModuleInterop' flag
node_modules/next/dist/shared/lib/image-config-context.shared-runtime.d.ts(1,8): error TS1259: Module '"C:/Users/Hammo/Documents/Coding/VNR202-STST/node_modules/@types/react/index"' can only be default-imported using the 'esModuleInterop' flag
node_modules/next/dist/shared/lib/loadable-context.shared-runtime.d.ts(1,8): error TS1259: Module '"C:/Users/Hammo/Documents/Coding/VNR202-STST/node_modules/@types/react/index"' can only be default-imported using the 'esModuleInterop' flag
node_modules/next/dist/shared/lib/loadable.shared-runtime.d.ts(21,8): error TS1259: Module '"C:/Users/Hammo/Documents/Coding/VNR202-STST/node_modules/@types/react/index"' can only be default-imported using the 'esModuleInterop' flag
node_modules/next/dist/shared/lib/router-context.shared-runtime.d.ts(1,8): error TS1259: Module '"C:/Users/Hammo/Documents/Coding/VNR202-STST/node_modules/@types/react/index"' can only be default-imported using the 'esModuleInterop' flag
node_modules/next/dist/shared/lib/server-inserted-html.shared-runtime.d.ts(1,8): error TS1259: Module '"C:/Users/Hammo/Documents/Coding/VNR202-STST/node_modules/@types/react/index"' can only be default-imported using the 'esModuleInterop' flag
node_modules/next/dist/shared/lib/utils.d.ts(10,13): error TS1192: Module '"fs"' has no default export.
node_modules/next/dist/types.d.ts(4,23): error TS2688: Cannot find type definition file for 'react-dom'.
node_modules/next/dist/types.d.ts(5,23): error TS2688: Cannot find type definition file for 'react-dom/experimental'.
